2026-09-21T02:57:20+00:00 STAGE prepare_data
2026-09-21T03:08:31+00:00 EXIT 0
2026-09-21T03:09:40+00:00 STAGE prepare_data
2026-09-21T03:43:08+00:00 STAGE model_metadata
2026-09-21T03:43:51+00:00 STAGE fair_esm_parity
2026-09-21T03:45:02+00:00 STAGE attention_backend_benchmark
2026-09-21T03:48:05+00:00 STAGE structural_and_sequence_distances
2026-09-21T10:59:45+00:00 EXIT 0
2026-09-21T11:27:31+00:00 STAGE prepare_data
2026-09-21T11:58:05+00:00 STAGE model_metadata
2026-09-21T11:58:38+00:00 STAGE end_to_end_training_and_evaluation_profile
2026-09-21T12:10:01+00:00 STAGE structural_and_sequence_distances
2026-09-21T20:17:55+00:00 EXIT 130
2026-09-21T20:30:32+00:00 STAGE model_metadata
2026-09-21T20:31:08+00:00 STAGE structural_and_sequence_distances
2026-09-21T20:42:03+00:00 EXIT 1
2026-09-21T21:05:00+00:00 STAGE model_metadata
2026-09-21T21:05:36+00:00 STAGE structural_and_sequence_distances
2026-09-21T21:36:33+00:00 STAGE pre_lr_scientific_audit
2026-09-21T21:36:36+00:00 EXIT 1
2026-09-21T22:07:20+00:00 STAGE model_metadata
2026-09-21T22:07:56+00:00 STAGE pre_lr_scientific_audit
2026-09-21T22:07:58+00:00 STAGE gate1_screen
2026-09-21T22:14:24+00:00 EXIT 1
2026-09-21T23:00:01+00:00 STAGE model_metadata
2026-09-21T23:00:38+00:00 STAGE pre_lr_scientific_audit
2026-09-21T23:00:41+00:00 STAGE gate1_screen
2026-09-22T05:33:34+00:00 STAGE report
2026-09-22T05:33:35+00:00 STAGE complete
2026-09-22T05:33:35+00:00 EXIT 0
