{
  "manifest_sha256": "2827221cffff221d36200e4234c4cd1b358047b1c658b037896c6eaea71d1e44",
  "sequence_ids_sha256": "c6149717b91bc88b1587ddadbb2350b019d018c11be2c732dd304305f6212eda",
  "counts": {
    "train": 11016,
    "validation": 960,
    "test": 1440
  },
  "balance": {
    "train": {
      "domains": 36,
      "structures": 36,
      "length_min_median_max": [
        35,
        54.0,
        72
      ],
      "single_mutations": 10319,
      "double_mutations": 697,
      "ddg_min_median_max": [
        -4.021803157712932,
        -0.23253317260197282,
        -8.780263883245709e-05
      ]
    },
    "validation": {
      "domains": 6,
      "structures": 6,
      "length_min_median_max": [
        61,
        62.5,
        68
      ],
      "single_mutations": 776,
      "double_mutations": 184,
      "ddg_min_median_max": [
        -1.1678795438870444,
        0.9073287053938603,
        5.142998097936452
      ]
    },
    "test": {
      "domains": 9,
      "structures": 9,
      "length_min_median_max": [
        43,
        59.0,
        70
      ],
      "single_mutations": 1160,
      "double_mutations": 280,
      "ddg_min_median_max": [
        -2.3633595871466264,
        0.5426336064071324,
        5.292036790943972
      ]
    }
  },
  "domains": {
    "train": [
      "1YRF",
      "HEEH_KT_rd6_3546",
      "EEHEE_rd3_1818",
      "EA__SEP__run7_1025_0001",
      "r11_1081_TrROS_Hall",
      "r11_951_TrROS_Hall",
      "4G3O",
      "2JWT",
      "HHH_rd1_0493",
      "2MH8",
      "2M7O.pdb_I21A",
      "1I2T",
      "2EXD",
      "2LCL",
      "1GL5",
      "1URF",
      "1SF0.pdb_V59K",
      "2MC5",
      "1UZC",
      "HEEH_rd3_0055",
      "HEEH_KT_rd6_0872",
      "r4_43_TrROS_Hall",
      "1W4H",
      "2L33",
      "2M8U",
      "1ZHC",
      "2AMI",
      "2M2J",
      "6ACV",
      "2JN4",
      "EEHEE_rd3_0809",
      "XX__SEP__run1_0455_0002",
      "2KZI.pdb_pross1",
      "6SOW",
      "r18_3_TrROS_Hall",
      "1LP1"
    ],
    "validation": [
      "2LYQ",
      "1QKH",
      "1R69",
      "2LYR",
      "1ORC",
      "2LYP.pdb_P41A"
    ],
    "test": [
      "r10_490_TrROS_Hall",
      "5JRT",
      "HHH_rd1_0142",
      "1A32",
      "6NS8.pdb_L8K",
      "HHH_rd1_0244",
      "1F0M",
      "HHH_rd1_0949",
      "2KVS"
    ]
  },
  "cluster_counts": {
    "train": 30,
    "validation": 2,
    "test": 3
  }
}
/home/ubuntu/CLM-JEPA/.venv/lib/python3.12/site-packages/esm/pretrained.py:215: UserWarning: Regression weights not found, predicting contacts will not produce correct results.
  warnings.warn(
/home/ubuntu/CLM-JEPA/.venv/lib/python3.12/site-packages/torch/nn/functional.py:5137: UserWarning: Support for mismatched key_padding_mask and attn_mask is deprecated. Use same type for both instead.
  warnings.warn(
/home/ubuntu/CLM-JEPA/.venv/lib/python3.12/site-packages/esm/pretrained.py:215: UserWarning: Regression weights not found, predicting contacts will not produce correct results.
  warnings.warn(
/home/ubuntu/CLM-JEPA/.venv/lib/python3.12/site-packages/torch/nn/functional.py:5137: UserWarning: Support for mismatched key_padding_mask and attn_mask is deprecated. Use same type for both instead.
  warnings.warn(
/home/ubuntu/CLM-JEPA/.venv/lib/python3.12/site-packages/esm/pretrained.py:215: UserWarning: Regression weights not found, predicting contacts will not produce correct results.
  warnings.warn(
/home/ubuntu/CLM-JEPA/.venv/lib/python3.12/site-packages/esm/pretrained.py:215: UserWarning: Regression weights not found, predicting contacts will not produce correct results.
  warnings.warn(
/home/ubuntu/CLM-JEPA/.venv/lib/python3.12/site-packages/esm/pretrained.py:215: UserWarning: Regression weights not found, predicting contacts will not produce correct results.
  warnings.warn(
/home/ubuntu/CLM-JEPA/.venv/lib/python3.12/site-packages/esm/pretrained.py:215: UserWarning: Regression weights not found, predicting contacts will not produce correct results.
  warnings.warn(
/home/ubuntu/CLM-JEPA/.venv/lib/python3.12/site-packages/esm/pretrained.py:215: UserWarning: Regression weights not found, predicting contacts will not produce correct results.
  warnings.warn(
/home/ubuntu/CLM-JEPA/.venv/lib/python3.12/site-packages/esm/pretrained.py:215: UserWarning: Regression weights not found, predicting contacts will not produce correct results.
  warnings.warn(
/home/ubuntu/CLM-JEPA/.venv/lib/python3.12/site-packages/esm/pretrained.py:215: UserWarning: Regression weights not found, predicting contacts will not produce correct results.
  warnings.warn(
/home/ubuntu/CLM-JEPA/.venv/lib/python3.12/site-packages/esm/pretrained.py:215: UserWarning: Regression weights not found, predicting contacts will not produce correct results.
  warnings.warn(
/home/ubuntu/CLM-JEPA/.venv/lib/python3.12/site-packages/esm/pretrained.py:215: UserWarning: Regression weights not found, predicting contacts will not produce correct results.
  warnings.warn(
/home/ubuntu/CLM-JEPA/.venv/lib/python3.12/site-packages/esm/pretrained.py:215: UserWarning: Regression weights not found, predicting contacts will not produce correct results.
  warnings.warn(
/home/ubuntu/CLM-JEPA/.venv/lib/python3.12/site-packages/esm/pretrained.py:215: UserWarning: Regression weights not found, predicting contacts will not produce correct results.
  warnings.warn(
/home/ubuntu/CLM-JEPA/.venv/lib/python3.12/site-packages/esm/pretrained.py:215: UserWarning: Regression weights not found, predicting contacts will not produce correct results.
  warnings.warn(
/home/ubuntu/CLM-JEPA/.venv/lib/python3.12/site-packages/esm/pretrained.py:215: UserWarning: Regression weights not found, predicting contacts will not produce correct results.
  warnings.warn(
/home/ubuntu/CLM-JEPA/.venv/lib/python3.12/site-packages/torch/nn/functional.py:5137: UserWarning: Support for mismatched key_padding_mask and attn_mask is deprecated. Use same type for both instead.
  warnings.warn(
/home/ubuntu/CLM-JEPA/.venv/lib/python3.12/site-packages/esm/pretrained.py:215: UserWarning: Regression weights not found, predicting contacts will not produce correct results.
  warnings.warn(
/home/ubuntu/CLM-JEPA/.venv/lib/python3.12/site-packages/torch/nn/functional.py:5137: UserWarning: Support for mismatched key_padding_mask and attn_mask is deprecated. Use same type for both instead.
  warnings.warn(
/home/ubuntu/CLM-JEPA/.venv/lib/python3.12/site-packages/esm/pretrained.py:215: UserWarning: Regression weights not found, predicting contacts will not produce correct results.
  warnings.warn(
/home/ubuntu/CLM-JEPA/.venv/lib/python3.12/site-packages/torch/nn/functional.py:5137: UserWarning: Support for mismatched key_padding_mask and attn_mask is deprecated. Use same type for both instead.
  warnings.warn(
/home/ubuntu/CLM-JEPA/.venv/lib/python3.12/site-packages/esm/pretrained.py:215: UserWarning: Regression weights not found, predicting contacts will not produce correct results.
  warnings.warn(
/home/ubuntu/CLM-JEPA/.venv/lib/python3.12/site-packages/torch/nn/functional.py:5137: UserWarning: Support for mismatched key_padding_mask and attn_mask is deprecated. Use same type for both instead.
  warnings.warn(
/home/ubuntu/CLM-JEPA/.venv/lib/python3.12/site-packages/esm/pretrained.py:215: UserWarning: Regression weights not found, predicting contacts will not produce correct results.
  warnings.warn(
/home/ubuntu/CLM-JEPA/.venv/lib/python3.12/site-packages/torch/nn/functional.py:5137: UserWarning: Support for mismatched key_padding_mask and attn_mask is deprecated. Use same type for both instead.
  warnings.warn(
/home/ubuntu/CLM-JEPA/.venv/lib/python3.12/site-packages/esm/pretrained.py:215: UserWarning: Regression weights not found, predicting contacts will not produce correct results.
  warnings.warn(
/home/ubuntu/CLM-JEPA/.venv/lib/python3.12/site-packages/torch/nn/functional.py:5137: UserWarning: Support for mismatched key_padding_mask and attn_mask is deprecated. Use same type for both instead.
  warnings.warn(
/home/ubuntu/CLM-JEPA/.venv/lib/python3.12/site-packages/esm/pretrained.py:215: UserWarning: Regression weights not found, predicting contacts will not produce correct results.
  warnings.warn(
/home/ubuntu/CLM-JEPA/.venv/lib/python3.12/site-packages/torch/nn/functional.py:5137: UserWarning: Support for mismatched key_padding_mask and attn_mask is deprecated. Use same type for both instead.
  warnings.warn(
/home/ubuntu/CLM-JEPA/.venv/lib/python3.12/site-packages/esm/pretrained.py:215: UserWarning: Regression weights not found, predicting contacts will not produce correct results.
  warnings.warn(
/home/ubuntu/CLM-JEPA/.venv/lib/python3.12/site-packages/torch/nn/functional.py:5137: UserWarning: Support for mismatched key_padding_mask and attn_mask is deprecated. Use same type for both instead.
  warnings.warn(
/home/ubuntu/CLM-JEPA/.venv/lib/python3.12/site-packages/esm/pretrained.py:215: UserWarning: Regression weights not found, predicting contacts will not produce correct results.
  warnings.warn(
/home/ubuntu/CLM-JEPA/.venv/lib/python3.12/site-packages/esm/pretrained.py:215: UserWarning: Regression weights not found, predicting contacts will not produce correct results.
  warnings.warn(
/home/ubuntu/CLM-JEPA/.venv/lib/python3.12/site-packages/esm/pretrained.py:215: UserWarning: Regression weights not found, predicting contacts will not produce correct results.
  warnings.warn(
/home/ubuntu/CLM-JEPA/.venv/lib/python3.12/site-packages/esm/pretrained.py:215: UserWarning: Regression weights not found, predicting contacts will not produce correct results.
  warnings.warn(
/home/ubuntu/CLM-JEPA/.venv/lib/python3.12/site-packages/esm/pretrained.py:215: UserWarning: Regression weights not found, predicting contacts will not produce correct results.
  warnings.warn(
/home/ubuntu/CLM-JEPA/.venv/lib/python3.12/site-packages/esm/pretrained.py:215: UserWarning: Regression weights not found, predicting contacts will not produce correct results.
  warnings.warn(
/home/ubuntu/CLM-JEPA/.venv/lib/python3.12/site-packages/esm/pretrained.py:215: UserWarning: Regression weights not found, predicting contacts will not produce correct results.
  warnings.warn(
/home/ubuntu/CLM-JEPA/.venv/lib/python3.12/site-packages/esm/pretrained.py:215: UserWarning: Regression weights not found, predicting contacts will not produce correct results.
  warnings.warn(
